// Jest Snapshot v1, https://goo.gl/fbAQLP

exports[`renders correctly 1`] = `
<section
  className="footer"
>
  Copyright ©️
  <a
    href="https://github.com/mavericks-db"
  >
    mavericks-db
  </a>
  <img
    alt=""
    src="github.svg"
  />
</section>
`;
