// Jest Snapshot v1, https://goo.gl/fbAQLP

exports[`renders correctly 1`] = `
<section
  className="block"
>
  <h1
    className="quote"
  >
    "Mathematics is not about numbers, equations, computations, or algorithms: it is about understanding."
  </h1>
  <span
    className="author"
  >
    - William Paul Thurston
  </span>
</section>
`;
